> Task :app:clean FAILED

[Incubating] Problems report is available at: file:///C:/Users/Acer/Documents/GitHub/MedixMVP/build/reports/problems/problems-report.html
.\gradlew.bat : 
En línea: 1 Carácter: 48
+ ... r\Documents\GitHub\MedixMVP" ; .\gradlew.bat clean build 2>&1 | Out-F ...
+                                    ~~~~~~~~~~~~~~~~~~~~~~~~~~~~~~
    + CategoryInfo          : NotSpecified: (:String) [], RemoteException
    + FullyQualifiedErrorId : NativeCommandError
 
FAILURE: Build failed with an exception.

* What went wrong:
Execution failed for task ':app:clean'.
> java.io.IOException: Unable to delete directory 'C:\Users\Acer\Documents\GitHub\MedixMVP\app\build'
    Failed to delete some children. This might happen because a process has files open or has its working directory set in the target directory.
    - C:\Users\Acer\Documents\GitHub\MedixMVP\app\build\intermediates\lint-cache\lintAnalyzeDebug\migrated-jars\androidx.compose.ui.lint.UiIssueRegist
ry-15f668e0aab039cc..jar
    - C:\Users\Acer\Documents\GitHub\MedixMVP\app\build\intermediates\lint-cache\lintAnalyzeDebug\migrated-jars
    - C:\Users\Acer\Documents\GitHub\MedixMVP\app\build\intermediates\lint-cache\lintAnalyzeDebug
    - C:\Users\Acer\Documents\GitHub\MedixMVP\app\build\intermediates\lint-cache\lintAnalyzeDebugAndroidTest\migrated-jars\androidx.compose.runtime.li
nt.RuntimeIssueRegistry-398cfe4c3e0a311f..jar
    - C:\Users\Acer\Documents\GitHub\MedixMVP\app\build\intermediates\lint-cache\lintAnalyzeDebugAndroidTest\migrated-jars
    - C:\Users\Acer\Documents\GitHub\MedixMVP\app\build\intermediates\lint-cache\lintAnalyzeDebugAndroidTest
    - C:\Users\Acer\Documents\GitHub\MedixMVP\app\build\intermediates\lint-cache\lintAnalyzeDebugUnitTest\migrated-jars\androidx.lifecycle.lint.LiveDa
taCoreIssueRegistry-32b654e6cacc2c23..jar
    - C:\Users\Acer\Documents\GitHub\MedixMVP\app\build\intermediates\lint-cache\lintAnalyzeDebugUnitTest\migrated-jars
    - C:\Users\Acer\Documents\GitHub\MedixMVP\app\build\intermediates\lint-cache\lintAnalyzeDebugUnitTest
    - C:\Users\Acer\Documents\GitHub\MedixMVP\app\build\intermediates\lint-cache
    - C:\Users\Acer\Documents\GitHub\MedixMVP\app\build\intermediates

* Try:
> Run with --stacktrace option to get the stack trace.
> Run with --info or --debug option to get more log output.
> Run with --scan to generate a Build Scan (powered by Develocity).
> Get more help at https://help.gradle.org.

Deprecated Gradle features were used in this build, making it incompatible with Gradle 10.

You can use '--warning-mode all' to show the individual deprecation warnings and determine if they come from your own scripts or plugins.

For more on this, please refer to https://docs.gradle.org/9.2.1/userguide/command_line_interface.html#sec:command_line_warnings in the Gradle documentation.

BUILD FAILED in 5s
1 actionable task: 1 executed
